mode: set
github.com/nebulabox/nebulabox/internal/cli/tests/testutils/assertions.go:11.87,15.62 3 0
github.com/nebulabox/nebulabox/internal/cli/tests/testutils/assertions.go:15.62,18.3 2 0
github.com/nebulabox/nebulabox/internal/cli/tests/testutils/assertions.go:20.2,20.43 1 0
github.com/nebulabox/nebulabox/internal/cli/tests/testutils/assertions.go:20.43,21.50 1 0
github.com/nebulabox/nebulabox/internal/cli/tests/testutils/assertions.go:21.50,23.4 1 0
github.com/nebulabox/nebulabox/internal/cli/tests/testutils/assertions.go:28.77,29.26 1 0
github.com/nebulabox/nebulabox/internal/cli/tests/testutils/assertions.go:30.30,31.28 1 0
github.com/nebulabox/nebulabox/internal/cli/tests/testutils/assertions.go:31.28,33.4 1 0
github.com/nebulabox/nebulabox/internal/cli/tests/testutils/assertions.go:35.3,35.31 1 0
github.com/nebulabox/nebulabox/internal/cli/tests/testutils/assertions.go:35.31,36.47 1 0
github.com/nebulabox/nebulabox/internal/cli/tests/testutils/assertions.go:36.47,38.5 1 0
github.com/nebulabox/nebulabox/internal/cli/tests/testutils/assertions.go:40.21,41.26 1 0
github.com/nebulabox/nebulabox/internal/cli/tests/testutils/assertions.go:41.26,42.42 1 0
github.com/nebulabox/nebulabox/internal/cli/tests/testutils/assertions.go:42.42,44.5 1 0
github.com/nebulabox/nebulabox/internal/cli/tests/testutils/assertions.go:47.2,47.14 1 0
github.com/nebulabox/nebulabox/internal/cli/tests/testutils/assertions.go:51.64,54.16 3 0
github.com/nebulabox/nebulabox/internal/cli/tests/testutils/assertions.go:54.16,57.3 2 0
github.com/nebulabox/nebulabox/internal/cli/tests/testutils/assertions.go:58.2,58.14 1 0
github.com/nebulabox/nebulabox/internal/cli/tests/testutils/assertions.go:58.14,60.3 1 0
github.com/nebulabox/nebulabox/internal/cli/tests/testutils/assertions.go:64.76,68.34 4 0
github.com/nebulabox/nebulabox/internal/cli/tests/testutils/assertions.go:68.34,70.3 1 0
github.com/nebulabox/nebulabox/internal/cli/tests/testutils/assertions.go:74.68,76.61 2 0
github.com/nebulabox/nebulabox/internal/cli/tests/testutils/assertions.go:76.61,78.3 1 0
github.com/nebulabox/nebulabox/internal/cli/tests/testutils/assertions.go:82.66,84.61 2 0
github.com/nebulabox/nebulabox/internal/cli/tests/testutils/assertions.go:84.61,86.3 1 0
github.com/nebulabox/nebulabox/internal/cli/tests/testutils/test_utils.go:19.57,24.2 1 0
github.com/nebulabox/nebulabox/internal/cli/tests/testutils/test_utils.go:27.81,37.2 7 0
github.com/nebulabox/nebulabox/internal/cli/tests/testutils/test_utils.go:40.104,49.16 7 0
github.com/nebulabox/nebulabox/internal/cli/tests/testutils/test_utils.go:49.16,51.3 1 0
github.com/nebulabox/nebulabox/internal/cli/tests/testutils/test_utils.go:53.2,53.12 1 0
github.com/nebulabox/nebulabox/internal/cli/tests/testutils/test_utils.go:53.12,56.3 2 0
github.com/nebulabox/nebulabox/internal/cli/tests/testutils/test_utils.go:58.2,59.52 2 0
github.com/nebulabox/nebulabox/internal/cli/tests/testutils/test_utils.go:63.66,65.41 2 0
github.com/nebulabox/nebulabox/internal/cli/tests/testutils/test_utils.go:65.41,67.3 1 0
github.com/nebulabox/nebulabox/internal/cli/tests/testutils/test_utils.go:71.71,73.42 2 0
github.com/nebulabox/nebulabox/internal/cli/tests/testutils/test_utils.go:73.42,75.3 1 0
github.com/nebulabox/nebulabox/internal/cli/tests/testutils/test_utils.go:79.64,81.37 2 0
github.com/nebulabox/nebulabox/internal/cli/tests/testutils/test_utils.go:81.37,84.3 2 0
github.com/nebulabox/nebulabox/internal/cli/tests/testutils/test_utils.go:85.2,85.16 1 0
github.com/nebulabox/nebulabox/internal/cli/tests/testutils/test_utils.go:85.16,86.47 1 0
github.com/nebulabox/nebulabox/internal/cli/tests/testutils/test_utils.go:86.47,87.42 1 0
github.com/nebulabox/nebulabox/internal/cli/tests/testutils/test_utils.go:87.42,89.5 1 0
github.com/nebulabox/nebulabox/internal/cli/tests/testutils/test_utils.go:90.9,92.4 1 0
github.com/nebulabox/nebulabox/internal/cli/tests/mocks/api_mock.go:17.40,23.71 3 0
github.com/nebulabox/nebulabox/internal/cli/tests/mocks/api_mock.go:23.71,28.44 4 0
github.com/nebulabox/nebulabox/internal/cli/tests/mocks/api_mock.go:28.44,31.4 2 0
github.com/nebulabox/nebulabox/internal/cli/tests/mocks/api_mock.go:34.3,37.5 2 0
github.com/nebulabox/nebulabox/internal/cli/tests/mocks/api_mock.go:40.2,41.13 2 0
github.com/nebulabox/nebulabox/internal/cli/tests/mocks/api_mock.go:45.38,47.2 1 0
github.com/nebulabox/nebulabox/internal/cli/tests/mocks/api_mock.go:50.33,52.2 1 0
github.com/nebulabox/nebulabox/internal/cli/tests/mocks/api_mock.go:55.88,58.2 2 0
github.com/nebulabox/nebulabox/internal/cli/tests/mocks/api_mock.go:61.53,62.54 1 0
github.com/nebulabox/nebulabox/internal/cli/tests/mocks/api_mock.go:62.54,73.3 3 0
github.com/nebulabox/nebulabox/internal/cli/tests/mocks/api_mock.go:77.49,78.54 1 0
github.com/nebulabox/nebulabox/internal/cli/tests/mocks/api_mock.go:78.54,89.3 3 0
github.com/nebulabox/nebulabox/internal/cli/tests/mocks/api_mock.go:93.51,94.54 1 0
github.com/nebulabox/nebulabox/internal/cli/tests/mocks/api_mock.go:94.54,104.3 3 0
github.com/nebulabox/nebulabox/internal/cli/tests/mocks/handlers.go:9.53,10.54 1 0
github.com/nebulabox/nebulabox/internal/cli/tests/mocks/handlers.go:10.54,22.3 3 0
github.com/nebulabox/nebulabox/internal/cli/tests/mocks/handlers.go:26.75,27.54 1 0
github.com/nebulabox/nebulabox/internal/cli/tests/mocks/handlers.go:27.54,33.3 3 0
github.com/nebulabox/nebulabox/internal/cli/tests/mocks/handlers.go:37.61,38.54 1 0
github.com/nebulabox/nebulabox/internal/cli/tests/mocks/handlers.go:38.54,44.3 3 0
