mode: set
github.com/nebulabox/nebulabox/internal/cli/tests/mocks/api_mock.go:17.40,23.71 3 0
github.com/nebulabox/nebulabox/internal/cli/tests/mocks/api_mock.go:23.71,28.44 4 0
github.com/nebulabox/nebulabox/internal/cli/tests/mocks/api_mock.go:28.44,31.4 2 0
github.com/nebulabox/nebulabox/internal/cli/tests/mocks/api_mock.go:34.3,37.5 2 0
github.com/nebulabox/nebulabox/internal/cli/tests/mocks/api_mock.go:40.2,41.13 2 0
github.com/nebulabox/nebulabox/internal/cli/tests/mocks/api_mock.go:45.38,47.2 1 0
github.com/nebulabox/nebulabox/internal/cli/tests/mocks/api_mock.go:50.33,52.2 1 0
github.com/nebulabox/nebulabox/internal/cli/tests/mocks/api_mock.go:55.88,58.2 2 0
github.com/nebulabox/nebulabox/internal/cli/tests/mocks/api_mock.go:61.53,62.54 1 0
github.com/nebulabox/nebulabox/internal/cli/tests/mocks/api_mock.go:62.54,73.3 3 0
github.com/nebulabox/nebulabox/internal/cli/tests/mocks/api_mock.go:77.49,78.54 1 0
github.com/nebulabox/nebulabox/internal/cli/tests/mocks/api_mock.go:78.54,89.3 3 0
github.com/nebulabox/nebulabox/internal/cli/tests/mocks/api_mock.go:93.51,94.54 1 0
github.com/nebulabox/nebulabox/internal/cli/tests/mocks/api_mock.go:94.54,104.3 3 0
github.com/nebulabox/nebulabox/internal/cli/tests/mocks/handlers.go:9.53,10.54 1 0
github.com/nebulabox/nebulabox/internal/cli/tests/mocks/handlers.go:10.54,22.3 3 0
github.com/nebulabox/nebulabox/internal/cli/tests/mocks/handlers.go:26.75,27.54 1 0
github.com/nebulabox/nebulabox/internal/cli/tests/mocks/handlers.go:27.54,33.3 3 0
github.com/nebulabox/nebulabox/internal/cli/tests/mocks/handlers.go:37.61,38.54 1 0
github.com/nebulabox/nebulabox/internal/cli/tests/mocks/handlers.go:38.54,44.3 3 0
github.com/nebulabox/nebulabox/internal/cli/tests/testutils/assertions.go:11.87,15.62 3 0
github.com/nebulabox/nebulabox/internal/cli/tests/testutils/assertions.go:15.62,18.3 2 0
github.com/nebulabox/nebulabox/internal/cli/tests/testutils/assertions.go:20.2,20.43 1 0
github.com/nebulabox/nebulabox/internal/cli/tests/testutils/assertions.go:20.43,21.50 1 0
github.com/nebulabox/nebulabox/internal/cli/tests/testutils/assertions.go:21.50,23.4 1 0
github.com/nebulabox/nebulabox/internal/cli/tests/testutils/assertions.go:28.77,29.26 1 0
github.com/nebulabox/nebulabox/internal/cli/tests/testutils/assertions.go:30.30,31.28 1 0
github.com/nebulabox/nebulabox/internal/cli/tests/testutils/assertions.go:31.28,33.4 1 0
github.com/nebulabox/nebulabox/internal/cli/tests/testutils/assertions.go:35.3,35.31 1 0
github.com/nebulabox/nebulabox/internal/cli/tests/testutils/assertions.go:35.31,36.47 1 0
github.com/nebulabox/nebulabox/internal/cli/tests/testutils/assertions.go:36.47,38.5 1 0
github.com/nebulabox/nebulabox/internal/cli/tests/testutils/assertions.go:40.21,41.26 1 0
github.com/nebulabox/nebulabox/internal/cli/tests/testutils/assertions.go:41.26,42.42 1 0
github.com/nebulabox/nebulabox/internal/cli/tests/testutils/assertions.go:42.42,44.5 1 0
github.com/nebulabox/nebulabox/internal/cli/tests/testutils/assertions.go:47.2,47.14 1 0
github.com/nebulabox/nebulabox/internal/cli/tests/testutils/assertions.go:51.64,54.16 3 0
github.com/nebulabox/nebulabox/internal/cli/tests/testutils/assertions.go:54.16,57.3 2 0
github.com/nebulabox/nebulabox/internal/cli/tests/testutils/assertions.go:58.2,58.14 1 0
github.com/nebulabox/nebulabox/internal/cli/tests/testutils/assertions.go:58.14,60.3 1 0
github.com/nebulabox/nebulabox/internal/cli/tests/testutils/assertions.go:64.76,68.34 4 0
github.com/nebulabox/nebulabox/internal/cli/tests/testutils/assertions.go:68.34,70.3 1 0
github.com/nebulabox/nebulabox/internal/cli/tests/testutils/assertions.go:74.68,76.61 2 0
github.com/nebulabox/nebulabox/internal/cli/tests/testutils/assertions.go:76.61,78.3 1 0
github.com/nebulabox/nebulabox/internal/cli/tests/testutils/assertions.go:82.66,84.61 2 0
github.com/nebulabox/nebulabox/internal/cli/tests/testutils/assertions.go:84.61,86.3 1 0
github.com/nebulabox/nebulabox/internal/cli/tests/testutils/test_utils.go:19.57,24.2 1 0
github.com/nebulabox/nebulabox/internal/cli/tests/testutils/test_utils.go:27.81,37.2 7 0
github.com/nebulabox/nebulabox/internal/cli/tests/testutils/test_utils.go:40.104,49.16 7 0
github.com/nebulabox/nebulabox/internal/cli/tests/testutils/test_utils.go:49.16,51.3 1 0
github.com/nebulabox/nebulabox/internal/cli/tests/testutils/test_utils.go:53.2,53.12 1 0
github.com/nebulabox/nebulabox/internal/cli/tests/testutils/test_utils.go:53.12,56.3 2 0
github.com/nebulabox/nebulabox/internal/cli/tests/testutils/test_utils.go:58.2,59.52 2 0
github.com/nebulabox/nebulabox/internal/cli/tests/testutils/test_utils.go:63.66,65.41 2 0
github.com/nebulabox/nebulabox/internal/cli/tests/testutils/test_utils.go:65.41,67.3 1 0
github.com/nebulabox/nebulabox/internal/cli/tests/testutils/test_utils.go:71.71,73.42 2 0
github.com/nebulabox/nebulabox/internal/cli/tests/testutils/test_utils.go:73.42,75.3 1 0
github.com/nebulabox/nebulabox/internal/cli/tests/testutils/test_utils.go:79.64,81.37 2 0
github.com/nebulabox/nebulabox/internal/cli/tests/testutils/test_utils.go:81.37,84.3 2 0
github.com/nebulabox/nebulabox/internal/cli/tests/testutils/test_utils.go:85.2,85.16 1 0
github.com/nebulabox/nebulabox/internal/cli/tests/testutils/test_utils.go:85.16,86.47 1 0
github.com/nebulabox/nebulabox/internal/cli/tests/testutils/test_utils.go:86.47,87.42 1 0
github.com/nebulabox/nebulabox/internal/cli/tests/testutils/test_utils.go:87.42,89.5 1 0
github.com/nebulabox/nebulabox/internal/cli/tests/testutils/test_utils.go:90.9,92.4 1 0
github.com/nebulabox/nebulabox/internal/cli/api.go:10.37,17.55 1 0
github.com/nebulabox/nebulabox/internal/cli/api.go:17.55,19.4 1 0
github.com/nebulabox/nebulabox/internal/cli/api.go:22.2,22.12 1 0
github.com/nebulabox/nebulabox/internal/cli/api.go:25.29,39.2 9 0
github.com/nebulabox/nebulabox/internal/cli/containers.go:12.38,19.55 2 0
github.com/nebulabox/nebulabox/internal/cli/containers.go:19.55,21.4 1 0
github.com/nebulabox/nebulabox/internal/cli/containers.go:24.2,26.12 2 0
github.com/nebulabox/nebulabox/internal/cli/containers.go:29.37,36.16 5 0
github.com/nebulabox/nebulabox/internal/cli/containers.go:36.16,38.3 1 0
github.com/nebulabox/nebulabox/internal/cli/containers.go:39.2,45.16 4 0
github.com/nebulabox/nebulabox/internal/cli/containers.go:45.16,47.3 1 0
github.com/nebulabox/nebulabox/internal/cli/containers.go:49.2,49.26 1 0
github.com/nebulabox/nebulabox/internal/cli/containers.go:49.26,52.3 2 0
github.com/nebulabox/nebulabox/internal/cli/containers.go:55.2,55.39 1 0
github.com/nebulabox/nebulabox/internal/cli/containers.go:55.39,56.44 1 0
github.com/nebulabox/nebulabox/internal/cli/containers.go:56.44,57.12 1 0
github.com/nebulabox/nebulabox/internal/cli/containers.go:60.3,64.19 1 0
github.com/nebulabox/nebulabox/internal/cli/containers.go:67.2,67.12 1 0
github.com/nebulabox/nebulabox/internal/cli/containers.go:71.38,77.55 1 0
github.com/nebulabox/nebulabox/internal/cli/containers.go:77.55,79.4 1 0
github.com/nebulabox/nebulabox/internal/cli/containers.go:82.2,82.12 1 0
github.com/nebulabox/nebulabox/internal/cli/containers.go:85.48,88.16 2 0
github.com/nebulabox/nebulabox/internal/cli/containers.go:88.16,90.3 1 0
github.com/nebulabox/nebulabox/internal/cli/containers.go:91.2,95.39 3 0
github.com/nebulabox/nebulabox/internal/cli/containers.go:95.39,98.62 2 0
github.com/nebulabox/nebulabox/internal/cli/containers.go:98.62,100.12 2 0
github.com/nebulabox/nebulabox/internal/cli/containers.go:103.3,103.54 1 0
github.com/nebulabox/nebulabox/internal/cli/containers.go:106.2,106.12 1 0
github.com/nebulabox/nebulabox/internal/cli/containers.go:110.38,119.55 3 0
github.com/nebulabox/nebulabox/internal/cli/containers.go:119.55,121.4 1 0
github.com/nebulabox/nebulabox/internal/cli/containers.go:124.2,127.12 3 0
github.com/nebulabox/nebulabox/internal/cli/containers.go:130.65,136.16 4 0
github.com/nebulabox/nebulabox/internal/cli/containers.go:136.16,138.3 1 0
github.com/nebulabox/nebulabox/internal/cli/containers.go:139.2,145.16 4 0
github.com/nebulabox/nebulabox/internal/cli/containers.go:145.16,147.3 1 0
github.com/nebulabox/nebulabox/internal/cli/containers.go:149.2,149.20 1 0
github.com/nebulabox/nebulabox/internal/cli/containers.go:149.20,152.3 2 0
github.com/nebulabox/nebulabox/internal/cli/containers.go:155.2,155.27 1 0
github.com/nebulabox/nebulabox/internal/cli/containers.go:155.27,157.3 1 0
github.com/nebulabox/nebulabox/internal/cli/containers.go:159.2,159.12 1 0
github.com/nebulabox/nebulabox/internal/cli/images.go:12.39,21.55 3 0
github.com/nebulabox/nebulabox/internal/cli/images.go:21.55,23.4 1 0
github.com/nebulabox/nebulabox/internal/cli/images.go:26.2,29.12 3 0
github.com/nebulabox/nebulabox/internal/cli/images.go:32.47,36.15 3 0
github.com/nebulabox/nebulabox/internal/cli/images.go:36.15,38.3 1 0
github.com/nebulabox/nebulabox/internal/cli/images.go:41.2,44.12 3 0
github.com/nebulabox/nebulabox/internal/cli/images.go:48.38,54.55 1 0
github.com/nebulabox/nebulabox/internal/cli/images.go:54.55,56.4 1 0
github.com/nebulabox/nebulabox/internal/cli/images.go:59.2,59.12 1 0
github.com/nebulabox/nebulabox/internal/cli/images.go:62.36,70.2 4 0
github.com/nebulabox/nebulabox/internal/cli/images.go:73.38,79.55 1 0
github.com/nebulabox/nebulabox/internal/cli/images.go:79.55,81.4 1 0
github.com/nebulabox/nebulabox/internal/cli/images.go:84.2,84.12 1 0
github.com/nebulabox/nebulabox/internal/cli/images.go:87.36,92.16 3 0
github.com/nebulabox/nebulabox/internal/cli/images.go:92.16,94.3 1 0
github.com/nebulabox/nebulabox/internal/cli/images.go:95.2,100.53 3 0
github.com/nebulabox/nebulabox/internal/cli/images.go:100.53,102.3 1 0
github.com/nebulabox/nebulabox/internal/cli/images.go:104.2,105.12 2 0
github.com/nebulabox/nebulabox/internal/cli/images.go:109.41,114.55 1 0
github.com/nebulabox/nebulabox/internal/cli/images.go:114.55,116.4 1 0
github.com/nebulabox/nebulabox/internal/cli/images.go:119.2,119.12 1 0
github.com/nebulabox/nebulabox/internal/cli/images.go:122.26,134.2 10 0
github.com/nebulabox/nebulabox/internal/cli/root.go:17.38,24.61 1 0
github.com/nebulabox/nebulabox/internal/cli/root.go:24.61,27.4 1 0
github.com/nebulabox/nebulabox/internal/cli/root.go:31.2,45.16 12 0
github.com/nebulabox/nebulabox/internal/cli/root.go:49.19,50.19 1 0
github.com/nebulabox/nebulabox/internal/cli/root.go:50.19,53.3 1 0
github.com/nebulabox/nebulabox/internal/cli/root.go:53.8,56.17 2 0
github.com/nebulabox/nebulabox/internal/cli/root.go:56.17,59.4 2 0
github.com/nebulabox/nebulabox/internal/cli/root.go:60.3,62.36 3 0
github.com/nebulabox/nebulabox/internal/cli/root.go:65.2,68.45 2 0
github.com/nebulabox/nebulabox/internal/cli/root.go:68.45,69.14 1 0
github.com/nebulabox/nebulabox/internal/cli/root.go:69.14,71.4 1 0
github.com/nebulabox/nebulabox/internal/cli/run.go:12.37,27.55 2 0
github.com/nebulabox/nebulabox/internal/cli/run.go:27.55,30.21 3 0
github.com/nebulabox/nebulabox/internal/cli/run.go:30.21,32.5 1 0
github.com/nebulabox/nebulabox/internal/cli/run.go:34.4,40.6 1 0
github.com/nebulabox/nebulabox/internal/cli/run.go:44.2,50.12 6 0
github.com/nebulabox/nebulabox/internal/cli/run.go:61.74,66.16 3 0
github.com/nebulabox/nebulabox/internal/cli/run.go:66.16,68.3 1 0
github.com/nebulabox/nebulabox/internal/cli/run.go:69.2,75.53 4 0
github.com/nebulabox/nebulabox/internal/cli/run.go:75.53,77.3 1 0
github.com/nebulabox/nebulabox/internal/cli/run.go:80.2,89.21 2 0
github.com/nebulabox/nebulabox/internal/cli/run.go:89.21,91.3 1 0
github.com/nebulabox/nebulabox/internal/cli/run.go:94.2,94.31 1 0
github.com/nebulabox/nebulabox/internal/cli/run.go:94.31,96.3 1 0
github.com/nebulabox/nebulabox/internal/cli/run.go:99.2,99.34 1 0
github.com/nebulabox/nebulabox/internal/cli/run.go:99.34,101.3 1 0
github.com/nebulabox/nebulabox/internal/cli/run.go:104.2,106.16 3 0
github.com/nebulabox/nebulabox/internal/cli/run.go:106.16,108.3 1 0
github.com/nebulabox/nebulabox/internal/cli/run.go:111.2,112.65 2 0
github.com/nebulabox/nebulabox/internal/cli/run.go:112.65,114.3 1 0
github.com/nebulabox/nebulabox/internal/cli/run.go:116.2,122.17 6 0
github.com/nebulabox/nebulabox/internal/cli/run.go:122.17,124.3 1 0
github.com/nebulabox/nebulabox/internal/cli/run.go:124.8,126.3 1 0
github.com/nebulabox/nebulabox/internal/cli/run.go:128.2,128.12 1 0
